../Core/Src/main.c:130:5:main	8	static
../Core/Src/main.c:206:6:SystemClock_Config	88	static
../Core/Src/main.c:253:13:MX_ADC1_Init	24	static
../Core/Src/main.c:300:13:MX_I2C1_Init	8	static
../Core/Src/main.c:334:13:MX_TIM3_Init	32	static
../Core/Src/main.c:379:13:MX_GPIO_Init	40	static
../Core/Src/main.c:421:6:update_screen	48	static
../Core/Src/main.c:463:6:update_inputs	8	static
../Core/Src/main.c:503:6:Therm_Process	16	static
../Core/Src/main.c:517:6:is_pressed	16	static
../Core/Src/main.c:521:10:since_last	24	static
../Core/Src/main.c:539:6:HAL_TIM_PeriodElapsedCallback	16	static
../Core/Src/main.c:570:6:Error_Handler	4	static,ignoring_inline_asm
